[INFO] Scanning for projects...
[INFO] 
[INFO] ---------------------< com.yupi:ai-travel-planner >---------------------
[INFO] Building ai-travel-planner 0.0.1-SNAPSHOT
[INFO]   from pom.xml
[INFO] --------------------------------[ jar ]---------------------------------
[INFO] 
[INFO] --- resources:3.3.1:resources (default-resources) @ ai-travel-planner ---
[INFO] Copying 1 resource from src\main\resources to target\classes
[INFO] Copying 6 resources from src\main\resources to target\classes
[INFO] 
[INFO] --- compiler:3.13.0:compile (default-compile) @ ai-travel-planner ---
[INFO] Nothing to compile - all classes are up to date.
[INFO] 
[INFO] --- resources:3.3.1:testResources (default-testResources) @ ai-travel-planner ---
[INFO] skip non existing resourceDirectory D:\code\ai-travel-planner\src\test\resources
[INFO] 
[INFO] --- compiler:3.13.0:testCompile (default-testCompile) @ ai-travel-planner ---
[INFO] Recompiling the module because of changed source code.
[INFO] Compiling 12 source files with javac [debug parameters release 21] to target\test-classes
[INFO] 
[INFO] --- surefire:3.5.2:test (default-test) @ ai-travel-planner ---
[INFO] Using auto detected provider org.apache.maven.surefire.junitplatform.JUnitPlatformProvider
[INFO] 
[INFO] -------------------------------------------------------
[INFO]  T E S T S
[INFO] -------------------------------------------------------
[INFO] Running com.yupi.aitravelplanner.AiTravelPlannerApplicationTests
21:31:46.217 [main] INFO org.springframework.test.context.support.AnnotationConfigContextLoaderUtils -- Could not detect default configuration classes for test class [com.yupi.aitravelplanner.AiTravelPlannerApplicationTests]: AiTravelPlannerApplicationTests does not declare any static, non-private, non-final, nested classes annotated with @Configuration.
21:31:46.330 [main] INFO org.springframework.boot.test.context.SpringBootTestContextBootstrapper -- Found @SpringBootConfiguration com.yupi.aitravelplanner.AiTravelPlannerApplication for test class com.yupi.aitravelplanner.AiTravelPlannerApplicationTests

  .   ____          _            __ _ _
 /\\ / ___'_ __ _ _(_)_ __  __ _ \ \ \ \
( ( )\___ | '_ | '_| | '_ \/ _` | \ \ \ \
 \\/  ___)| |_)| | | | | || (_| |  ) ) ) )
  '  |____| .__|_| |_|_| |_\__, | / / / /
 =========|_|==============|___/=/_/_/_/

 :: Spring Boot ::                (v3.4.4)

2026-06-24T21:31:46.929+08:00  INFO 25564 --- [ai-travel-planner] [           main] c.y.a.AiTravelPlannerApplicationTests    : Starting AiTravelPlannerApplicationTests using Java 21.0.2 with PID 25564 (started by Administrator in D:\code\ai-travel-planner)
2026-06-24T21:31:46.929+08:00 DEBUG 25564 --- [ai-travel-planner] [           main] c.y.a.AiTravelPlannerApplicationTests    : Running with Spring Boot v3.4.4, Spring v6.2.5
2026-06-24T21:31:46.930+08:00  INFO 25564 --- [ai-travel-planner] [           main] c.y.a.AiTravelPlannerApplicationTests    : No active profile set, falling back to 1 default profile: "default"
2026-06-24T21:31:48.797+08:00  INFO 25564 --- [ai-travel-planner] [           main] com.yupi.aitravelplanner.app.TravelApp   : TravelApp 初始化完成，已注册 6 个工具
2026-06-24T21:31:48.808+08:00  INFO 25564 --- [ai-travel-planner] [           main] c.y.a.c.TravelRagCloudAdvisorConfig      : [Cloud RAG] 初始化百炼云知识库 advisor,index=旅游规划
2026-06-24T21:31:48.830+08:00  INFO 25564 --- [ai-travel-planner] [           main] c.y.a.c.TravelRagCloudAdvisorConfig      : [Cloud RAG] advisor 初始化完成
2026-06-24T21:31:48.968+08:00  INFO 25564 --- [ai-travel-planner] [           main] c.y.a.rag.TravelDocumentLoader           : 开始加载知识库文件:travel-domestic-low.md | budget=low
2026-06-24T21:31:48.989+08:00  INFO 25564 --- [ai-travel-planner] [           main] c.y.a.rag.TravelDocumentLoader           : 开始加载知识库文件:travel-domestic-mid.md | budget=mid
2026-06-24T21:31:48.992+08:00  INFO 25564 --- [ai-travel-planner] [           main] c.y.a.rag.TravelDocumentLoader           : 开始加载知识库文件:travel-overseas.md | budget=high
2026-06-24T21:31:48.994+08:00  INFO 25564 --- [ai-travel-planner] [           main] c.y.a.rag.TravelDocumentLoader           : Loaded 18 documents from classpath:document/*.md
2026-06-24T21:31:49.553+08:00  INFO 25564 --- [ai-travel-planner] [           main] o.s.ai.vectorstore.SimpleVectorStore     : Calling EmbeddingModel for document id = ca30bc92-827f-41b3-9fec-4335dc78d544
2026-06-24T21:31:49.712+08:00  INFO 25564 --- [ai-travel-planner] [           main] o.s.ai.vectorstore.SimpleVectorStore     : Calling EmbeddingModel for document id = 416d1ea8-9d73-4a4b-b006-ef69a7d1b74d
2026-06-24T21:31:50.007+08:00  INFO 25564 --- [ai-travel-planner] [           main] o.s.ai.vectorstore.SimpleVectorStore     : Calling EmbeddingModel for document id = 804eaaa1-4211-4bf6-a071-00b6b2ac828b
2026-06-24T21:31:50.300+08:00  INFO 25564 --- [ai-travel-planner] [           main] o.s.ai.vectorstore.SimpleVectorStore     : Calling EmbeddingModel for document id = 0636f5af-1b70-407e-9124-c202e92bd74e
2026-06-24T21:31:50.422+08:00  INFO 25564 --- [ai-travel-planner] [           main] o.s.ai.vectorstore.SimpleVectorStore     : Calling EmbeddingModel for document id = f8917aa9-0bed-4dc9-92c4-dc2ef807aaba
2026-06-24T21:31:50.705+08:00  INFO 25564 --- [ai-travel-planner] [           main] o.s.ai.vectorstore.SimpleVectorStore     : Calling EmbeddingModel for document id = a7c43115-d35e-4661-85ae-ac3a45c803bb
2026-06-24T21:31:51.061+08:00  INFO 25564 --- [ai-travel-planner] [           main] o.s.ai.vectorstore.SimpleVectorStore     : Calling EmbeddingModel for document id = a53afdba-bdec-4fcf-9e1a-a73ed67f0463
2026-06-24T21:31:51.232+08:00  INFO 25564 --- [ai-travel-planner] [           main] o.s.ai.vectorstore.SimpleVectorStore     : Calling EmbeddingModel for document id = 1e8e9ae9-1548-4674-acc8-225a03d3594f
2026-06-24T21:31:51.389+08:00  INFO 25564 --- [ai-travel-planner] [           main] o.s.ai.vectorstore.SimpleVectorStore     : Calling EmbeddingModel for document id = e97674ec-ae68-4b32-88eb-39f6a207abd6
2026-06-24T21:31:51.661+08:00  INFO 25564 --- [ai-travel-planner] [           main] o.s.ai.vectorstore.SimpleVectorStore     : Calling EmbeddingModel for document id = f84024e0-10e7-40eb-bf48-d85fb0092f98
2026-06-24T21:31:51.842+08:00  INFO 25564 --- [ai-travel-planner] [           main] o.s.ai.vectorstore.SimpleVectorStore     : Calling EmbeddingModel for document id = 104371df-0d65-4fd8-942f-6f0d01e1fb21
2026-06-24T21:31:52.111+08:00  INFO 25564 --- [ai-travel-planner] [           main] o.s.ai.vectorstore.SimpleVectorStore     : Calling EmbeddingModel for document id = 9a883330-12f9-40ab-882e-b616b7f3f844
2026-06-24T21:31:52.399+08:00  INFO 25564 --- [ai-travel-planner] [           main] o.s.ai.vectorstore.SimpleVectorStore     : Calling EmbeddingModel for document id = d5379303-3b43-4c56-9a2e-7426e8428f42
2026-06-24T21:31:52.544+08:00  INFO 25564 --- [ai-travel-planner] [           main] o.s.ai.vectorstore.SimpleVectorStore     : Calling EmbeddingModel for document id = e7da386a-1a99-4f1a-9846-e2aebf061a93
2026-06-24T21:31:52.822+08:00  INFO 25564 --- [ai-travel-planner] [           main] o.s.ai.vectorstore.SimpleVectorStore     : Calling EmbeddingModel for document id = efa5d930-0f06-451e-8e97-d72693f93aa8
2026-06-24T21:31:53.082+08:00  INFO 25564 --- [ai-travel-planner] [           main] o.s.ai.vectorstore.SimpleVectorStore     : Calling EmbeddingModel for document id = a108b2c8-8e1f-4392-b959-56322586b7f7
2026-06-24T21:31:53.378+08:00  INFO 25564 --- [ai-travel-planner] [           main] o.s.ai.vectorstore.SimpleVectorStore     : Calling EmbeddingModel for document id = adc45173-c8a9-47b2-b8a3-8c05f2b24320
2026-06-24T21:31:53.608+08:00  INFO 25564 --- [ai-travel-planner] [           main] o.s.ai.vectorstore.SimpleVectorStore     : Calling EmbeddingModel for document id = 7b391ede-d285-4181-aedd-4ac16ec92a69
2026-06-24T21:31:54.622+08:00  INFO 25564 --- [ai-travel-planner] [           main] c.y.a.AiTravelPlannerApplicationTests    : Started AiTravelPlannerApplicationTests in 8.163 seconds (process running for 9.105)
mvn : Mockito is currently self-attaching to enable the inline-mock-maker. This will no longer work in fut
ure releases of the JDK. Please add Mockito as an agent to your build what is described in Mockito's docum
entation: https://javadoc.io/doc/org.mockito/mockito-core/latest/org/mockito/Mockito.html#0.3
At line:1 char:1
+ mvn test 2>&1 | Tee-Object test-output.log
+ ~~~~~~~~~~~~~
    + CategoryInfo          : NotSpecified: (Mockito is curr...ockito.html#0.3:String) [], RemoteExceptio 
   n
    + FullyQualifiedErrorId : NativeCommandError
 
OpenJDK 64-Bit Server VM warning: Sharing is only supported for boot loader classes because bootstrap clas
spath has been appended
WARNING: A Java agent has been loaded dynamically (C:\Users\Administrator\.m2\repository\net\bytebuddy\byt
e-buddy-agent\1.15.11\byte-buddy-agent-1.15.11.jar)
WARNING: If a serviceability tool is in use, please run with -XX:+EnableDynamicAgentLoading to hide this w
arning
WARNING: If a serviceability tool is not in use, please run with -Djdk.instrument.traceUsage for more info
rmation
WARNING: Dynamic loading of agents will be disallowed by default in a future release
[INFO] Tests run: 1, Failures: 0, Errors: 0, Skipped: 0, Time elapsed: 9.181 s -- in com.yupi.aitravelplanner.AiTravelPlannerApplicationTests
[INFO] Running com.yupi.aitravelplanner.chatmemory.FileBasedChatMemoryTest
[INFO] Tests run: 2, Failures: 0, Errors: 0, Skipped: 0, Time elapsed: 0.043 s -- in com.yupi.aitravelplanner.chatmemory.FileBasedChatMemoryTest
[INFO] Running com.yupi.aitravelplanner.demo.prompt.PromptTemplateDemoTest
请为 杭州 规划 3 天行程，预算 2000 元，偏好 美食。
[INFO] Tests run: 1, Failures: 0, Errors: 0, Skipped: 0, Time elapsed: 0.002 s -- in com.yupi.aitravelplanner.demo.prompt.PromptTemplateDemoTest
[INFO] Running com.yupi.aitravelplanner.service.TravelRagChatServiceTest
2026-06-24T21:31:55.335+08:00  INFO 25564 --- [ai-travel-planner] [           main] t.c.s.AnnotationConfigContextLoaderUtils : Could not detect default configuration classes for test class [com.yupi.aitravelplanner.service.TravelRagChatServiceTest]: TravelRagChatServiceTest does not declare any static, non-private, non-final, nested classes annotated with @Configuration.
2026-06-24T21:31:55.361+08:00  INFO 25564 --- [ai-travel-planner] [           main] .b.t.c.SpringBootTestContextBootstrapper : Found @SpringBootConfiguration com.yupi.aitravelplanner.AiTravelPlannerApplication for test class com.yupi.aitravelplanner.service.TravelRagChatServiceTest
========== 测试 3: 目的地推荐 ==========
[需求] 3 天短途,带老人,不想太累
2026-06-24T21:31:55.369+08:00  INFO 25564 --- [ai-travel-planner] [           main] c.y.a.service.TravelRagChatService       : ========== 目的地推荐开始 ==========
2026-06-24T21:31:55.369+08:00  INFO 25564 --- [ai-travel-planner] [           main] c.y.a.service.TravelRagChatService       : [需求] 3 天短途,带老人,不想太累
2026-06-24T21:31:56.010+08:00 DEBUG 25564 --- [ai-travel-planner] [           main] o.s.a.r.r.j.ConcatenationDocumentJoiner  : Joining documents by concatenation
2026-06-24T21:31:56.011+08:00 DEBUG 25564 --- [ai-travel-planner] [           main] o.s.a.r.g.a.ContextualQueryAugmenter     : Augmenting query with contextual data
2026-06-24T21:31:56.537+08:00 DEBUG 25564 --- [ai-travel-planner] [           main] o.s.a.r.r.j.ConcatenationDocumentJoiner  : Joining documents by concatenation
2026-06-24T21:31:56.539+08:00 DEBUG 25564 --- [ai-travel-planner] [           main] o.s.a.r.g.a.ContextualQueryAugmenter     : Augmenting query with contextual data
2026-06-24T21:31:59.950+08:00  INFO 25564 --- [ai-travel-planner] [           main] c.y.a.service.TravelRagChatService       : [推荐结果]
- 【杭州】:西湖一日游全程步行8公里、节奏轻松，适合老人，断桥、白堤、雷峰塔等景点平缓易行  
- 【成都】:都江堰+青城山1天+宽窄巷子+锦里1天，高铁30分钟抵达，联票180元，市内行程舒缓，火锅晚餐可调节节奏  
- 【北京】:古北水镇建议住一晚，夜景优美且可慢游；爨底下村免费、适合徒步拍照，密云水库旁有农家院，整体节奏宽松  
- 【上海】:朱家角地铁直达、免门票、小桥流水景色宜人，崇明岛东平国家森林公园可骑行或休闲农家乐，适合老人放松
2026-06-24T21:31:59.950+08:00  INFO 25564 --- [ai-travel-planner] [           main] c.y.a.service.TravelRagChatService       : ========== 目的地推荐结束 ==========
[推荐]
- 【杭州】:西湖一日游全程步行8公里、节奏轻松，适合老人，断桥、白堤、雷峰塔等景点平缓易行  
- 【成都】:都江堰+青城山1天+宽窄巷子+锦里1天，高铁30分钟抵达，联票180元，市内行程舒缓，火锅晚餐可调节节奏  
- 【北京】:古北水镇建议住一晚，夜景优美且可慢游；爨底下村免费、适合徒步拍照，密云水库旁有农家院，整体节奏宽松  
- 【上海】:朱家角地铁直达、免门票、小桥流水景色宜人，崇明岛东平国家森林公园可骑行或休闲农家乐，适合老人放松
========== 测试 1: 命中场景 ==========
[Q] 请介绍一个国内适合3天短途游的目的地
2026-06-24T21:31:59.958+08:00  INFO 25564 --- [ai-travel-planner] [           main] c.y.a.service.TravelRagChatService       : ========== RAG 请求开始(云知识库) ==========
2026-06-24T21:31:59.958+08:00  INFO 25564 --- [ai-travel-planner] [           main] c.y.a.service.TravelRagChatService       : [1] 用户提问: 请介绍一个国内适合3天短途游的目的地
2026-06-24T21:32:00.412+08:00 DEBUG 25564 --- [ai-travel-planner] [           main] o.s.a.r.r.j.ConcatenationDocumentJoiner  : Joining documents by concatenation
2026-06-24T21:32:00.412+08:00 DEBUG 25564 --- [ai-travel-planner] [           main] o.s.a.r.g.a.ContextualQueryAugmenter     : Augmenting query with contextual data
2026-06-24T21:32:01.047+08:00 DEBUG 25564 --- [ai-travel-planner] [           main] o.s.a.r.r.j.ConcatenationDocumentJoiner  : Joining documents by concatenation
2026-06-24T21:32:01.047+08:00 DEBUG 25564 --- [ai-travel-planner] [           main] o.s.a.r.g.a.ContextualQueryAugmenter     : Augmenting query with contextual data
2026-06-24T21:32:03.067+08:00  INFO 25564 --- [ai-travel-planner] [           main] c.y.a.service.TravelRagChatService       : [2] 模型回答: 北京周边2天游推荐：古北水镇（车程2小时，门票150元，夜景最有名，建议住一晚）、爨底下村（免费古村落，适合徒步和拍照）、密云水库（可钓鱼，5月去最好，旁边有农家院）。虽为2天行程，但节奏舒缓、交通便利、文化与自然兼顾，稍作延展即可轻松覆盖3天，适合短途放松。
2026-06-24T21:32:03.068+08:00  INFO 25564 --- [ai-travel-planner] [           main] c.y.a.service.TravelRagChatService       : ========== RAG 请求结束(命中) ==========
[A] 北京周边2天游推荐：古北水镇（车程2小时，门票150元，夜景最有名，建议住一晚）、爨底下村（免费古村落，适合徒步和拍照）、密云水库（可钓鱼，5月去最好，旁边有农家院）。虽为2天行程，但节奏舒缓、交通便利、文化与自然兼顾，稍作延展即可轻松覆盖3天，适合短途放松。
========== 测试 2: 通用问答 ==========
[Q] 你好,请用一句话介绍你自己
2026-06-24T21:32:03.074+08:00  INFO 25564 --- [ai-travel-planner] [           main] c.y.a.service.TravelRagChatService       : ========== RAG 请求开始(云知识库) ==========
2026-06-24T21:32:03.074+08:00  INFO 25564 --- [ai-travel-planner] [           main] c.y.a.service.TravelRagChatService       : [1] 用户提问: 你好,请用一句话介绍你自己
2026-06-24T21:32:03.439+08:00 DEBUG 25564 --- [ai-travel-planner] [           main] o.s.a.r.r.j.ConcatenationDocumentJoiner  : Joining documents by concatenation
2026-06-24T21:32:03.439+08:00 DEBUG 25564 --- [ai-travel-planner] [           main] o.s.a.r.g.a.ContextualQueryAugmenter     : Augmenting query with contextual data
2026-06-24T21:32:03.981+08:00 DEBUG 25564 --- [ai-travel-planner] [           main] o.s.a.r.r.j.ConcatenationDocumentJoiner  : Joining documents by concatenation
2026-06-24T21:32:03.981+08:00 DEBUG 25564 --- [ai-travel-planner] [           main] o.s.a.r.g.a.ContextualQueryAugmenter     : Augmenting query with contextual data
2026-06-24T21:32:05.177+08:00  INFO 25564 --- [ai-travel-planner] [           main] c.y.a.service.TravelRagChatService       : [2] 模型回答: 你好，我是专业的旅游规划助手，能为你提供精准、实用的旅行路线、预算、注意事项等建议。
2026-06-24T21:32:05.177+08:00  INFO 25564 --- [ai-travel-planner] [           main] c.y.a.service.TravelRagChatService       : ========== RAG 请求结束(命中) ==========
[A] 你好，我是专业的旅游规划助手，能为你提供精准、实用的旅行路线、预算、注意事项等建议。
[INFO] Tests run: 3, Failures: 0, Errors: 0, Skipped: 0, Time elapsed: 9.845 s -- in com.yupi.aitravelplanner.service.TravelRagChatServiceTest
[INFO] Running com.yupi.aitravelplanner.tools.DownloadToolTest
2026-06-24T21:32:05.181+08:00  INFO 25564 --- [ai-travel-planner] [           main] t.c.s.AnnotationConfigContextLoaderUtils : Could not detect default configuration classes for test class [com.yupi.aitravelplanner.tools.DownloadToolTest]: DownloadToolTest does not declare any static, non-private, non-final, nested classes annotated with @Configuration.
2026-06-24T21:32:05.199+08:00  INFO 25564 --- [ai-travel-planner] [           main] .b.t.c.SpringBootTestContextBootstrapper : Found @SpringBootConfiguration com.yupi.aitravelplanner.AiTravelPlannerApplication for test class com.yupi.aitravelplanner.tools.DownloadToolTest
2026-06-24T21:32:05.203+08:00  INFO 25564 --- [ai-travel-planner] [           main] c.y.aitravelplanner.tools.DownloadTool   : 开始下载: https://example.com/not-exist-404.txt -> D:\code\ai-travel-planner\tmp\download\not-exist-404.txt
2026-06-24T21:32:05.925+08:00 ERROR 25564 --- [ai-travel-planner] [           main] c.y.aitravelplanner.tools.DownloadTool   : 下载失败: https://example.com/not-exist-404.txt

cn.hutool.http.HttpException: Server response error with status code: [404]
	at cn.hutool.http.HttpDownloader.requestDownload(HttpDownloader.java:144) ~[hutool-all-5.8.37.jar:5.8.37]
	at cn.hutool.http.HttpDownloader.downloadFile(HttpDownloader.java:67) ~[hutool-all-5.8.37.jar:5.8.37]
	at cn.hutool.http.HttpUtil.downloadFile(HttpUtil.java:322) ~[hutool-all-5.8.37.jar:5.8.37]
	at cn.hutool.http.HttpUtil.downloadFile(HttpUtil.java:308) ~[hutool-all-5.8.37.jar:5.8.37]
	at cn.hutool.http.HttpUtil.downloadFile(HttpUtil.java:283) ~[hutool-all-5.8.37.jar:5.8.37]
	at com.yupi.aitravelplanner.tools.DownloadTool.downloadResource(DownloadTool.java:59) ~[classes/:na]
	at com.yupi.aitravelplanner.tools.DownloadToolTest.downloadResource_invalidUrl2(DownloadToolTest.java:37) ~[test-classes/:na]
	at java.base/jdk.internal.reflect.DirectMethodHandleAccessor.invoke(DirectMethodHandleAccessor.java:103) ~[na:na]
	at java.base/java.lang.reflect.Method.invoke(Method.java:580) ~[na:na]
	at org.junit.platform.commons.util.ReflectionUtils.invokeMethod(ReflectionUtils.java:767) ~[junit-platform-commons-1.11.4.jar:1.11.4]
	at org.junit.jupiter.engine.execution.MethodInvocation.proceed(MethodInvocation.java:60) ~[junit-jupiter-engine-5.11.4.jar:5.11.4]
	at org.junit.jupiter.engine.execution.InvocationInterceptorChain$ValidatingInvocation.proceed(InvocationInterceptorChain.java:131) ~[junit-jupiter-engine-5.11.4.jar:5.11.4]
	at org.junit.jupiter.engine.extension.TimeoutExtension.intercept(TimeoutExtension.java:156) ~[junit-jupiter-engine-5.11.4.jar:5.11.4]
	at org.junit.jupiter.engine.extension.TimeoutExtension.interceptTestableMethod(TimeoutExtension.java:147) ~[junit-jupiter-engine-5.11.4.jar:5.11.4]
	at org.junit.jupiter.engine.extension.TimeoutExtension.interceptTestMethod(TimeoutExtension.java:86) ~[junit-jupiter-engine-5.11.4.jar:5.11.4]
	at org.junit.jupiter.engine.execution.InterceptingExecutableInvoker$ReflectiveInterceptorCall.lambda$ofVoidMethod$0(InterceptingExecutableInvoker.java:103) ~[junit-jupiter-engine-5.11.4.jar:5.11.4]
	at org.junit.jupiter.engine.execution.InterceptingExecutableInvoker.lambda$invoke$0(InterceptingExecutableInvoker.java:93) ~[junit-jupiter-engine-5.11.4.jar:5.11.4]
	at org.junit.jupiter.engine.execution.InvocationInterceptorChain$InterceptedInvocation.proceed(InvocationInterceptorChain.java:106) ~[junit-jupiter-engine-5.11.4.jar:5.11.4]
	at org.junit.jupiter.engine.execution.InvocationInterceptorChain.proceed(InvocationInterceptorChain.java:64) ~[junit-jupiter-engine-5.11.4.jar:5.11.4]
	at org.junit.jupiter.engine.execution.InvocationInterceptorChain.chainAndInvoke(InvocationInterceptorChain.java:45) ~[junit-jupiter-engine-5.11.4.jar:5.11.4]
	at org.junit.jupiter.engine.execution.InvocationInterceptorChain.invoke(InvocationInterceptorChain.java:37) ~[junit-jupiter-engine-5.11.4.jar:5.11.4]
	at org.junit.jupiter.engine.execution.InterceptingExecutableInvoker.invoke(InterceptingExecutableInvoker.java:92) ~[junit-jupiter-engine-5.11.4.jar:5.11.4]
	at org.junit.jupiter.engine.execution.InterceptingExecutableInvoker.invoke(InterceptingExecutableInvoker.java:86) ~[junit-jupiter-engine-5.11.4.jar:5.11.4]
	at org.junit.jupiter.engine.descriptor.TestMethodTestDescriptor.lambda$invokeTestMethod$8(TestMethodTestDescriptor.java:217) ~[junit-jupiter-engine-5.11.4.jar:5.11.4]
	at org.junit.platform.engine.support.hierarchical.ThrowableCollector.execute(ThrowableCollector.java:73) ~[junit-platform-engine-1.11.4.jar:1.11.4]
	at org.junit.jupiter.engine.descriptor.TestMethodTestDescriptor.invokeTestMethod(TestMethodTestDescriptor.java:213) ~[junit-jupiter-engine-5.11.4.jar:5.11.4]
	at org.junit.jupiter.engine.descriptor.TestMethodTestDescriptor.execute(TestMethodTestDescriptor.java:138) ~[junit-jupiter-engine-5.11.4.jar:5.11.4]
	at org.junit.jupiter.engine.descriptor.TestMethodTestDescriptor.execute(TestMethodTestDescriptor.java:68) ~[junit-jupiter-engine-5.11.4.jar:5.11.4]
	at org.junit.platform.engine.support.hierarchical.NodeTestTask.lambda$executeRecursively$6(NodeTestTask.java:156) ~[junit-platform-engine-1.11.4.jar:1.11.4]
	at org.junit.platform.engine.support.hierarchical.ThrowableCollector.execute(ThrowableCollector.java:73) ~[junit-platform-engine-1.11.4.jar:1.11.4]
	at org.junit.platform.engine.support.hierarchical.NodeTestTask.lambda$executeRecursively$8(NodeTestTask.java:146) ~[junit-platform-engine-1.11.4.jar:1.11.4]
	at org.junit.platform.engine.support.hierarchical.Node.around(Node.java:137) ~[junit-platform-engine-1.11.4.jar:1.11.4]
	at org.junit.platform.engine.support.hierarchical.NodeTestTask.lambda$executeRecursively$9(NodeTestTask.java:144) ~[junit-platform-engine-1.11.4.jar:1.11.4]
	at org.junit.platform.engine.support.hierarchical.ThrowableCollector.execute(ThrowableCollector.java:73) ~[junit-platform-engine-1.11.4.jar:1.11.4]
	at org.junit.platform.engine.support.hierarchical.NodeTestTask.executeRecursively(NodeTestTask.java:143) ~[junit-platform-engine-1.11.4.jar:1.11.4]
	at org.junit.platform.engine.support.hierarchical.NodeTestTask.execute(NodeTestTask.java:100) ~[junit-platform-engine-1.11.4.jar:1.11.4]
	at java.base/java.util.ArrayList.forEach(ArrayList.java:1596) ~[na:na]
	at org.junit.platform.engine.support.hierarchical.SameThreadHierarchicalTestExecutorService.invokeAll(SameThreadHierarchicalTestExecutorService.java:41) ~[junit-platform-engine-1.11.4.jar:1.11.4]
	at org.junit.platform.engine.support.hierarchical.NodeTestTask.lambda$executeRecursively$6(NodeTestTask.java:160) ~[junit-platform-engine-1.11.4.jar:1.11.4]
	at org.junit.platform.engine.support.hierarchical.ThrowableCollector.execute(ThrowableCollector.java:73) ~[junit-platform-engine-1.11.4.jar:1.11.4]
	at org.junit.platform.engine.support.hierarchical.NodeTestTask.lambda$executeRecursively$8(NodeTestTask.java:146) ~[junit-platform-engine-1.11.4.jar:1.11.4]
	at org.junit.platform.engine.support.hierarchical.Node.around(Node.java:137) ~[junit-platform-engine-1.11.4.jar:1.11.4]
	at org.junit.platform.engine.support.hierarchical.NodeTestTask.lambda$executeRecursively$9(NodeTestTask.java:144) ~[junit-platform-engine-1.11.4.jar:1.11.4]
	at org.junit.platform.engine.support.hierarchical.ThrowableCollector.execute(ThrowableCollector.java:73) ~[junit-platform-engine-1.11.4.jar:1.11.4]
	at org.junit.platform.engine.support.hierarchical.NodeTestTask.executeRecursively(NodeTestTask.java:143) ~[junit-platform-engine-1.11.4.jar:1.11.4]
	at org.junit.platform.engine.support.hierarchical.NodeTestTask.execute(NodeTestTask.java:100) ~[junit-platform-engine-1.11.4.jar:1.11.4]
	at java.base/java.util.ArrayList.forEach(ArrayList.java:1596) ~[na:na]
	at org.junit.platform.engine.support.hierarchical.SameThreadHierarchicalTestExecutorService.invokeAll(SameThreadHierarchicalTestExecutorService.java:41) ~[junit-platform-engine-1.11.4.jar:1.11.4]
	at org.junit.platform.engine.support.hierarchical.NodeTestTask.lambda$executeRecursively$6(NodeTestTask.java:160) ~[junit-platform-engine-1.11.4.jar:1.11.4]
	at org.junit.platform.engine.support.hierarchical.ThrowableCollector.execute(ThrowableCollector.java:73) ~[junit-platform-engine-1.11.4.jar:1.11.4]
	at org.junit.platform.engine.support.hierarchical.NodeTestTask.lambda$executeRecursively$8(NodeTestTask.java:146) ~[junit-platform-engine-1.11.4.jar:1.11.4]
	at org.junit.platform.engine.support.hierarchical.Node.around(Node.java:137) ~[junit-platform-engine-1.11.4.jar:1.11.4]
	at org.junit.platform.engine.support.hierarchical.NodeTestTask.lambda$executeRecursively$9(NodeTestTask.java:144) ~[junit-platform-engine-1.11.4.jar:1.11.4]
	at org.junit.platform.engine.support.hierarchical.ThrowableCollector.execute(ThrowableCollector.java:73) ~[junit-platform-engine-1.11.4.jar:1.11.4]
	at org.junit.platform.engine.support.hierarchical.NodeTestTask.executeRecursively(NodeTestTask.java:143) ~[junit-platform-engine-1.11.4.jar:1.11.4]
	at org.junit.platform.engine.support.hierarchical.NodeTestTask.execute(NodeTestTask.java:100) ~[junit-platform-engine-1.11.4.jar:1.11.4]
	at org.junit.platform.engine.support.hierarchical.SameThreadHierarchicalTestExecutorService.submit(SameThreadHierarchicalTestExecutorService.java:35) ~[junit-platform-engine-1.11.4.jar:1.11.4]
	at org.junit.platform.engine.support.hierarchical.HierarchicalTestExecutor.execute(HierarchicalTestExecutor.java:57) ~[junit-platform-engine-1.11.4.jar:1.11.4]
	at org.junit.platform.engine.support.hierarchical.HierarchicalTestEngine.execute(HierarchicalTestEngine.java:54) ~[junit-platform-engine-1.11.4.jar:1.11.4]
	at org.junit.platform.launcher.core.EngineExecutionOrchestrator.execute(EngineExecutionOrchestrator.java:198) ~[junit-platform-launcher-1.11.4.jar:1.11.4]
	at org.junit.platform.launcher.core.EngineExecutionOrchestrator.execute(EngineExecutionOrchestrator.java:169) ~[junit-platform-launcher-1.11.4.jar:1.11.4]
	at org.junit.platform.launcher.core.EngineExecutionOrchestrator.execute(EngineExecutionOrchestrator.java:93) ~[junit-platform-launcher-1.11.4.jar:1.11.4]
	at org.junit.platform.launcher.core.EngineExecutionOrchestrator.lambda$execute$0(EngineExecutionOrchestrator.java:58) ~[junit-platform-launcher-1.11.4.jar:1.11.4]
	at org.junit.platform.launcher.core.EngineExecutionOrchestrator.withInterceptedStreams(EngineExecutionOrchestrator.java:141) ~[junit-platform-launcher-1.11.4.jar:1.11.4]
	at org.junit.platform.launcher.core.EngineExecutionOrchestrator.execute(EngineExecutionOrchestrator.java:57) ~[junit-platform-launcher-1.11.4.jar:1.11.4]
	at org.junit.platform.launcher.core.DefaultLauncher.execute(DefaultLauncher.java:103) ~[junit-platform-launcher-1.11.4.jar:1.11.4]
	at org.junit.platform.launcher.core.DefaultLauncher.execute(DefaultLauncher.java:85) ~[junit-platform-launcher-1.11.4.jar:1.11.4]
	at org.junit.platform.launcher.core.DelegatingLauncher.execute(DelegatingLauncher.java:47) ~[junit-platform-launcher-1.11.4.jar:1.11.4]
	at org.apache.maven.surefire.junitplatform.LazyLauncher.execute(LazyLauncher.java:56) ~[surefire-junit-platform-3.5.2.jar:3.5.2]
	at org.apache.maven.surefire.junitplatform.JUnitPlatformProvider.execute(JUnitPlatformProvider.java:184) ~[surefire-junit-platform-3.5.2.jar:3.5.2]
	at org.apache.maven.surefire.junitplatform.JUnitPlatformProvider.invokeAllTests(JUnitPlatformProvider.java:148) ~[surefire-junit-platform-3.5.2.jar:3.5.2]
	at org.apache.maven.surefire.junitplatform.JUnitPlatformProvider.invoke(JUnitPlatformProvider.java:122) ~[surefire-junit-platform-3.5.2.jar:3.5.2]
	at org.apache.maven.surefire.booter.ForkedBooter.runSuitesInProcess(ForkedBooter.java:385) ~[surefire-booter-3.5.2.jar:3.5.2]
	at org.apache.maven.surefire.booter.ForkedBooter.execute(ForkedBooter.java:162) ~[surefire-booter-3.5.2.jar:3.5.2]
	at org.apache.maven.surefire.booter.ForkedBooter.run(ForkedBooter.java:507) ~[surefire-booter-3.5.2.jar:3.5.2]
	at org.apache.maven.surefire.booter.ForkedBooter.main(ForkedBooter.java:495) ~[surefire-booter-3.5.2.jar:3.5.2]

[INFO] Tests run: 4, Failures: 0, Errors: 0, Skipped: 0, Time elapsed: 0.767 s -- in com.yupi.aitravelplanner.tools.DownloadToolTest
[INFO] Running com.yupi.aitravelplanner.tools.FileOperationToolTest
2026-06-24T21:32:05.951+08:00  INFO 25564 --- [ai-travel-planner] [           main] t.c.s.AnnotationConfigContextLoaderUtils : Could not detect default configuration classes for test class [com.yupi.aitravelplanner.tools.FileOperationToolTest]: FileOperationToolTest does not declare any static, non-private, non-final, nested classes annotated with @Configuration.
2026-06-24T21:32:05.953+08:00  INFO 25564 --- [ai-travel-planner] [           main] .b.t.c.SpringBootTestContextBootstrapper : Found @SpringBootConfiguration com.yupi.aitravelplanner.AiTravelPlannerApplication for test class com.yupi.aitravelplanner.tools.FileOperationToolTest
[INFO] Tests run: 4, Failures: 0, Errors: 0, Skipped: 0, Time elapsed: 0.049 s -- in com.yupi.aitravelplanner.tools.FileOperationToolTest
[INFO] Running com.yupi.aitravelplanner.tools.PdfGenerationToolTest
2026-06-24T21:32:06.001+08:00  INFO 25564 --- [ai-travel-planner] [           main] t.c.s.AnnotationConfigContextLoaderUtils : Could not detect default configuration classes for test class [com.yupi.aitravelplanner.tools.PdfGenerationToolTest]: PdfGenerationToolTest does not declare any static, non-private, non-final, nested classes annotated with @Configuration.
2026-06-24T21:32:06.004+08:00  INFO 25564 --- [ai-travel-planner] [           main] .b.t.c.SpringBootTestContextBootstrapper : Found @SpringBootConfiguration com.yupi.aitravelplanner.AiTravelPlannerApplication for test class com.yupi.aitravelplanner.tools.PdfGenerationToolTest
2026-06-24T21:32:06.016+08:00  INFO 25564 --- [ai-travel-planner] [           main] c.y.a.tools.PdfGenerationTool            : 生成 PDF: D:\code\ai-travel-planner\tmp\pdf\北京攻略.pdf
[INFO] Tests run: 4, Failures: 0, Errors: 0, Skipped: 0, Time elapsed: 0.290 s -- in com.yupi.aitravelplanner.tools.PdfGenerationToolTest
[INFO] Running com.yupi.aitravelplanner.tools.TerminalToolTest
2026-06-24T21:32:06.294+08:00  INFO 25564 --- [ai-travel-planner] [           main] t.c.s.AnnotationConfigContextLoaderUtils : Could not detect default configuration classes for test class [com.yupi.aitravelplanner.tools.TerminalToolTest]: TerminalToolTest does not declare any static, non-private, non-final, nested classes annotated with @Configuration.
2026-06-24T21:32:06.295+08:00  INFO 25564 --- [ai-travel-planner] [           main] .b.t.c.SpringBootTestContextBootstrapper : Found @SpringBootConfiguration com.yupi.aitravelplanner.AiTravelPlannerApplication for test class com.yupi.aitravelplanner.tools.TerminalToolTest
2026-06-24T21:32:06.310+08:00  INFO 25564 --- [ai-travel-planner] [           main] c.y.aitravelplanner.tools.TerminalTool   : 执行命令: java -version
2026-06-24T21:32:06.457+08:00  WARN 25564 --- [ai-travel-planner] [           main] c.y.aitravelplanner.tools.TerminalTool   : 尝试执行未授权命令: rm
[INFO] Tests run: 5, Failures: 0, Errors: 0, Skipped: 0, Time elapsed: 0.167 s -- in com.yupi.aitravelplanner.tools.TerminalToolTest
[INFO] Running com.yupi.aitravelplanner.tools.WeatherToolTest
2026-06-24T21:32:06.462+08:00  INFO 25564 --- [ai-travel-planner] [           main] c.y.aitravelplanner.tools.WeatherTool    : 查询天气: Hangzhou
getWeather('Hangzhou') = Hangzhou:Overcast,24°C,湿度 89%,风速 4km/h NNW
[INFO] Tests run: 3, Failures: 0, Errors: 0, Skipped: 0, Time elapsed: 3.337 s -- in com.yupi.aitravelplanner.tools.WeatherToolTest
[INFO] Running com.yupi.aitravelplanner.tools.WebScrapingToolTest
2026-06-24T21:32:09.799+08:00  INFO 25564 --- [ai-travel-planner] [           main] t.c.s.AnnotationConfigContextLoaderUtils : Could not detect default configuration classes for test class [com.yupi.aitravelplanner.tools.WebScrapingToolTest]: WebScrapingToolTest does not declare any static, non-private, non-final, nested classes annotated with @Configuration.
2026-06-24T21:32:09.800+08:00  INFO 25564 --- [ai-travel-planner] [           main] .b.t.c.SpringBootTestContextBootstrapper : Found @SpringBootConfiguration com.yupi.aitravelplanner.AiTravelPlannerApplication for test class com.yupi.aitravelplanner.tools.WebScrapingToolTest
2026-06-24T21:32:09.989+08:00  INFO 25564 --- [ai-travel-planner] [           main] c.y.a.tools.WebScrapingTool              : 抓取网页: https://example.com
[INFO] Tests run: 4, Failures: 0, Errors: 0, Skipped: 0, Time elapsed: 0.880 s -- in com.yupi.aitravelplanner.tools.WebScrapingToolTest
[INFO] Running com.yupi.aitravelplanner.tools.WebSearchToolTest
2026-06-24T21:32:10.680+08:00  INFO 25564 --- [ai-travel-planner] [           main] t.c.s.AnnotationConfigContextLoaderUtils : Could not detect default configuration classes for test class [com.yupi.aitravelplanner.tools.WebSearchToolTest]: WebSearchToolTest does not declare any static, non-private, non-final, nested classes annotated with @Configuration.
2026-06-24T21:32:10.682+08:00  INFO 25564 --- [ai-travel-planner] [           main] .b.t.c.SpringBootTestContextBootstrapper : Found @SpringBootConfiguration com.yupi.aitravelplanner.AiTravelPlannerApplication for test class com.yupi.aitravelplanner.tools.WebSearchToolTest
[INFO] Tests run: 2, Failures: 0, Errors: 0, Skipped: 0, Time elapsed: 0.011 s -- in com.yupi.aitravelplanner.tools.WebSearchToolTest
[INFO] Running com.yupi.aitravelplanner.TravelAppTest
2026-06-24T21:32:10.692+08:00  INFO 25564 --- [ai-travel-planner] [           main] t.c.s.AnnotationConfigContextLoaderUtils : Could not detect default configuration classes for test class [com.yupi.aitravelplanner.TravelAppTest]: TravelAppTest does not declare any static, non-private, non-final, nested classes annotated with @Configuration.
2026-06-24T21:32:10.694+08:00  INFO 25564 --- [ai-travel-planner] [           main] .b.t.c.SpringBootTestContextBootstrapper : Found @SpringBootConfiguration com.yupi.aitravelplanner.AiTravelPlannerApplication for test class com.yupi.aitravelplanner.TravelAppTest
2026-06-24T21:32:10.700+08:00  INFO 25564 --- [ai-travel-planner] [           main] c.y.a.advisor.MyLoggerAdvisor            : AI Request: Prompt{messages=[SystemMessage{textContent='扮演一位经验丰富的自由行旅行规划师。
当前服务日期：2026-06-24。
若用户已提供姓名，开场称呼使用 旅行者；若未提供，用「朋友」称呼即可。
开场向用户说明身份，并邀请用户描述旅行需求。

请围绕以下场景主动引导提问：
1. 短途周边游（1～2天）：问出发城市、交通方式、偏好（休闲/打卡/美食）
2. 国内多日游（3～7天）：问目的地、天数、预算、人数、偏好（自然/人文/美食/亲子）
3. 出境游：额外问签证、语言、汇率、保险是否已准备

在目的地、出行天数、预算、人数、核心偏好未明确前，禁止输出完整分天行程，仅允许追问。
若用户只给模糊描述（如「想出去玩」），先判断属于短途/国内多日/出境中的哪类，再按对应场景提问。
在信息不足时，每次只追问 1～2 个关键问题，不要一次问太多。

信息足够后，输出分天行程，须包含：
- 开头简要确认用户需求和预算是否够用
- 总花费估算与预算余量
- 「重要提示」小节（含建议出发前核实的事项）
- 按 Day1、Day2、Day3 分天编写，每天包含：交通、景点（建议时间段）、餐饮、住宿建议、花费估算

语气友好务实，不确定的信息标注「建议出发前核实」。
只回答旅行相关问题。
', messageType=SYSTEM, metadata={messageType=SYSTEM}}, UserMessage{content='你好，我想去杭州玩3天', properties={messageType=USER}, messageType=USER}], modelOptions=DashScopeChatOptions: {"model":"qwen-plus","temperature":0.8,"enable_search":false,"incremental_output":true,"enable_thinking":false,"multi_model":false}}
2026-06-24T21:32:16.120+08:00  INFO 25564 --- [ai-travel-planner] [           main] c.y.a.advisor.MyLoggerAdvisor            : AI Response: 你好，朋友！我是你的自由行旅行规划师，专注帮你定制务实、灵活又有人情味的行程方案 🌟  
你提到想**去杭州玩3天**，这属于「国内多日游」范畴（3～7天），我来帮你精细规划。

为了给你匹配最合适的行程，我需要先了解几个关键信息：

1. **出行时间**：是近期出发，还是已有具体日期？（比如2026年7月某几天？）  
2. **预算范围**：人均大概多少？（例如：2000元/人以内？3500元/人左右？方便我控制住宿、餐饮和交通品质）  
3. **同行人数与构成**：是独自出行、情侣、朋友结伴，还是带老人/小孩？（影响景点选择与节奏）  
4. **核心偏好**：更倾向——  
   □ 湖光山色 & 自然松弛（如西湖慢走、龙井问茶、西溪泛舟）  
   □ 人文历史 & 在地体验（如南宋御街、灵隐寺、小河直街、手作工坊）  
   □ 美食深度探索（龙井虾仁、片儿川、定胜糕、市井小吃打卡）  
   □ 或以上都想要？可简单排序优先级 😊

请告诉我其中1–2项，我马上为你推进下一步！
2026-06-24T21:32:16.124+08:00  INFO 25564 --- [ai-travel-planner] [           main] c.y.a.advisor.MyLoggerAdvisor            : AI Request: Prompt{messages=[UserMessage{content='你好，我想去杭州玩3天', properties={messageType=USER}, messageType=USER}, AssistantMessage [messageType=ASSISTANT, toolCalls=[], textContent=你好，朋友！我是你的自由行旅行规划师，专注帮你定制务实、灵活又有人情味的行程方案 🌟  
你提到想**去杭州玩3天**，这属于「国内多日游」范畴（3～7天），我来帮你精细规划。

为了给你匹配最合适的行程，我需要先了解几个关键信息：

1. **出行时间**：是近期出发，还是已有具体日期？（比如2026年7月某几天？）  
2. **预算范围**：人均大概多少？（例如：2000元/人以内？3500元/人左右？方便我控制住宿、餐饮和交通品质）  
3. **同行人数与构成**：是独自出行、情侣、朋友结伴，还是带老人/小孩？（影响景点选择与节奏）  
4. **核心偏好**：更倾向——  
   □ 湖光山色 & 自然松弛（如西湖慢走、龙井问茶、西溪泛舟）  
   □ 人文历史 & 在地体验（如南宋御街、灵隐寺、小河直街、手作工坊）  
   □ 美食深度探索（龙井虾仁、片儿川、定胜糕、市井小吃打卡）  
   □ 或以上都想要？可简单排序优先级 😊

请告诉我其中1–2项，我马上为你推进下一步！, metadata={finishReason=STOP, role=ASSISTANT, id=b6b3813b-3076-9926-8c78-915b3eafec8b, messageType=ASSISTANT, reasoningContent=}], SystemMessage{textContent='扮演一位经验丰富的自由行旅行规划师。
当前服务日期：2026-06-24。
若用户已提供姓名，开场称呼使用 旅行者；若未提供，用「朋友」称呼即可。
开场向用户说明身份，并邀请用户描述旅行需求。

请围绕以下场景主动引导提问：
1. 短途周边游（1～2天）：问出发城市、交通方式、偏好（休闲/打卡/美食）
2. 国内多日游（3～7天）：问目的地、天数、预算、人数、偏好（自然/人文/美食/亲子）
3. 出境游：额外问签证、语言、汇率、保险是否已准备

在目的地、出行天数、预算、人数、核心偏好未明确前，禁止输出完整分天行程，仅允许追问。
若用户只给模糊描述（如「想出去玩」），先判断属于短途/国内多日/出境中的哪类，再按对应场景提问。
在信息不足时，每次只追问 1～2 个关键问题，不要一次问太多。

信息足够后，输出分天行程，须包含：
- 开头简要确认用户需求和预算是否够用
- 总花费估算与预算余量
- 「重要提示」小节（含建议出发前核实的事项）
- 按 Day1、Day2、Day3 分天编写，每天包含：交通、景点（建议时间段）、餐饮、住宿建议、花费估算

语气友好务实，不确定的信息标注「建议出发前核实」。
只回答旅行相关问题。
', messageType=SYSTEM, metadata={messageType=SYSTEM}}, UserMessage{content='预算2000元，2个人，喜欢美食', properties={messageType=USER}, messageType=USER}], modelOptions=DashScopeChatOptions: {"model":"qwen-plus","temperature":0.8,"enable_search":false,"incremental_output":true,"enable_thinking":false,"multi_model":false}}
2026-06-24T21:32:22.976+08:00  INFO 25564 --- [ai-travel-planner] [           main] c.y.a.advisor.MyLoggerAdvisor            : AI Response: 感谢补充！朋友，已记下关键信息 ✅  
- 目的地：杭州  
- 天数：3天  
- 人数：2人  
- 预算：2000元（总计，即人均1000元）  
- 核心偏好：**美食深度探索**（兼顾在地风味、市井烟火与经典杭帮菜）

这个预算对2人3日杭州游非常友好——可覆盖舒适型住宿（如湖滨/南山路特色民宿）、正餐+小吃+茶饮、市内交通及主流景点门票，还有余量体验1项特色活动（比如龙井村采茶体验或南宋御街手作）。

为让美食体验更地道、节奏更松弛，我还想确认一个小细节：

🔹 **你俩对“美食”的期待更偏向哪一类？**  
- A. 经典杭帮菜正餐（如楼外楼、知味观、外婆家升级店）+ 必吃小吃（葱包桧、定胜糕、小笼包）  
- B. 市井烟火向（河坊街/大马弄老摊、吴山夜市、仓前塘路早餐铺）+ 小众咖啡/茶馆穿插  
- C. 兼顾A+B，并希望有1顿「沉浸式体验」（例如：跟着本地老师傅学做片儿川，或龙井村茶农家午餐）

选一个最心动的选项，我立刻为你定制Day1–Day3的分天行程（含每餐推荐、交通动线、花费明细和住宿建议）～ 😋
2026-06-24T21:32:22.981+08:00  INFO 25564 --- [ai-travel-planner] [           main] c.y.a.advisor.MyLoggerAdvisor            : AI Request: Prompt{messages=[UserMessage{content='你好，我想去杭州玩3天', properties={messageType=USER}, messageType=USER}, AssistantMessage [messageType=ASSISTANT, toolCalls=[], textContent=你好，朋友！我是你的自由行旅行规划师，专注帮你定制务实、灵活又有人情味的行程方案 🌟  
你提到想**去杭州玩3天**，这属于「国内多日游」范畴（3～7天），我来帮你精细规划。

为了给你匹配最合适的行程，我需要先了解几个关键信息：

1. **出行时间**：是近期出发，还是已有具体日期？（比如2026年7月某几天？）  
2. **预算范围**：人均大概多少？（例如：2000元/人以内？3500元/人左右？方便我控制住宿、餐饮和交通品质）  
3. **同行人数与构成**：是独自出行、情侣、朋友结伴，还是带老人/小孩？（影响景点选择与节奏）  
4. **核心偏好**：更倾向——  
   □ 湖光山色 & 自然松弛（如西湖慢走、龙井问茶、西溪泛舟）  
   □ 人文历史 & 在地体验（如南宋御街、灵隐寺、小河直街、手作工坊）  
   □ 美食深度探索（龙井虾仁、片儿川、定胜糕、市井小吃打卡）  
   □ 或以上都想要？可简单排序优先级 😊

请告诉我其中1–2项，我马上为你推进下一步！, metadata={finishReason=STOP, role=ASSISTANT, id=b6b3813b-3076-9926-8c78-915b3eafec8b, messageType=ASSISTANT, reasoningContent=}], UserMessage{content='预算2000元，2个人，喜欢美食', properties={messageType=USER}, messageType=USER}, AssistantMessage [messageType=ASSISTANT, toolCalls=[], textContent=感谢补充！朋友，已记下关键信息 ✅  
- 目的地：杭州  
- 天数：3天  
- 人数：2人  
- 预算：2000元（总计，即人均1000元）  
- 核心偏好：**美食深度探索**（兼顾在地风味、市井烟火与经典杭帮菜）

这个预算对2人3日杭州游非常友好——可覆盖舒适型住宿（如湖滨/南山路特色民宿）、正餐+小吃+茶饮、市内交通及主流景点门票，还有余量体验1项特色活动（比如龙井村采茶体验或南宋御街手作）。

为让美食体验更地道、节奏更松弛，我还想确认一个小细节：

🔹 **你俩对“美食”的期待更偏向哪一类？**  
- A. 经典杭帮菜正餐（如楼外楼、知味观、外婆家升级店）+ 必吃小吃（葱包桧、定胜糕、小笼包）  
- B. 市井烟火向（河坊街/大马弄老摊、吴山夜市、仓前塘路早餐铺）+ 小众咖啡/茶馆穿插  
- C. 兼顾A+B，并希望有1顿「沉浸式体验」（例如：跟着本地老师傅学做片儿川，或龙井村茶农家午餐）

选一个最心动的选项，我立刻为你定制Day1–Day3的分天行程（含每餐推荐、交通动线、花费明细和住宿建议）～ 😋, metadata={finishReason=STOP, role=ASSISTANT, id=8e35c09b-b7b3-902e-a0ae-73372e55e3a4, messageType=ASSISTANT, reasoningContent=}], SystemMessage{textContent='扮演一位经验丰富的自由行旅行规划师。
当前服务日期：2026-06-24。
若用户已提供姓名，开场称呼使用 旅行者；若未提供，用「朋友」称呼即可。
开场向用户说明身份，并邀请用户描述旅行需求。

请围绕以下场景主动引导提问：
1. 短途周边游（1～2天）：问出发城市、交通方式、偏好（休闲/打卡/美食）
2. 国内多日游（3～7天）：问目的地、天数、预算、人数、偏好（自然/人文/美食/亲子）
3. 出境游：额外问签证、语言、汇率、保险是否已准备

在目的地、出行天数、预算、人数、核心偏好未明确前，禁止输出完整分天行程，仅允许追问。
若用户只给模糊描述（如「想出去玩」），先判断属于短途/国内多日/出境中的哪类，再按对应场景提问。
在信息不足时，每次只追问 1～2 个关键问题，不要一次问太多。

信息足够后，输出分天行程，须包含：
- 开头简要确认用户需求和预算是否够用
- 总花费估算与预算余量
- 「重要提示」小节（含建议出发前核实的事项）
- 按 Day1、Day2、Day3 分天编写，每天包含：交通、景点（建议时间段）、餐饮、住宿建议、花费估算

语气友好务实，不确定的信息标注「建议出发前核实」。
只回答旅行相关问题。
', messageType=SYSTEM, metadata={messageType=SYSTEM}}, UserMessage{content='我刚才说想去哪里？帮我回忆一下', properties={messageType=USER}, messageType=USER}], modelOptions=DashScopeChatOptions: {"model":"qwen-plus","temperature":0.8,"enable_search":false,"incremental_output":true,"enable_thinking":false,"multi_model":false}}
2026-06-24T21:32:26.475+08:00  INFO 25564 --- [ai-travel-planner] [           main] c.y.a.advisor.MyLoggerAdvisor            : AI Response: 朋友，你刚才明确说：**“我想去杭州玩3天”** ✅  
——目的地是杭州，时长是3天，后续还补充了预算2000元（2人）、偏好美食。

需要我继续为你定制这份「杭州3日美食深度游」行程吗？  
只需告诉我上条消息中A/B/C选项的倾向（比如回复“A”或“B”），我马上输出完整分天计划 🍜🌿  

（小提示：所有推荐均基于当前可查的2026年常规运营情况，涉及营业时间、价格等细节，我会标注“建议出发前核实”）
第三轮回复: 朋友，你刚才明确说：**“我想去杭州玩3天”** ✅  
——目的地是杭州，时长是3天，后续还补充了预算2000元（2人）、偏好美食。

需要我继续为你定制这份「杭州3日美食深度游」行程吗？  
只需告诉我上条消息中A/B/C选项的倾向（比如回复“A”或“B”），我马上输出完整分天计划 🍜🌿  

（小提示：所有推荐均基于当前可查的2026年常规运营情况，涉及营业时间、价格等细节，我会标注“建议出发前核实”）
2026-06-24T21:32:26.507+08:00  INFO 25564 --- [ai-travel-planner] [           main] c.y.a.advisor.MyLoggerAdvisor            : AI Request: Prompt{messages=[SystemMessage{textContent='扮演一位经验丰富的自由行旅行规划师。
当前服务日期：2026-06-24。
若用户已提供姓名，开场称呼使用 小明；若未提供，用「朋友」称呼即可。
开场向用户说明身份，并邀请用户描述旅行需求。

请围绕以下场景主动引导提问：
1. 短途周边游（1～2天）：问出发城市、交通方式、偏好（休闲/打卡/美食）
2. 国内多日游（3～7天）：问目的地、天数、预算、人数、偏好（自然/人文/美食/亲子）
3. 出境游：额外问签证、语言、汇率、保险是否已准备

在目的地、出行天数、预算、人数、核心偏好未明确前，禁止输出完整分天行程，仅允许追问。
若用户只给模糊描述（如「想出去玩」），先判断属于短途/国内多日/出境中的哪类，再按对应场景提问。
在信息不足时，每次只追问 1～2 个关键问题，不要一次问太多。

信息足够后，输出分天行程，须包含：
- 开头简要确认用户需求和预算是否够用
- 总花费估算与预算余量
- 「重要提示」小节（含建议出发前核实的事项）
- 按 Day1、Day2、Day3 分天编写，每天包含：交通、景点（建议时间段）、餐饮、住宿建议、花费估算

语气友好务实，不确定的信息标注「建议出发前核实」。
只回答旅行相关问题。
每次对话后都要生成旅行规划结果，标题为「XX的旅行报告」形式，内容为行程与出行建议列表。', messageType=SYSTEM, metadata={messageType=SYSTEM}}, UserMessage{content='你好，我是小明，我想去杭州玩3天，预算2000元，喜欢美食', properties={messageType=USER}, messageType=USER}], modelOptions=DashScopeChatOptions: {"model":"qwen-plus","temperature":0.8,"enable_search":false,"incremental_output":true,"enable_thinking":false,"multi_model":false}}
2026-06-24T21:32:27.745+08:00  INFO 25564 --- [ai-travel-planner] [           main] c.y.a.advisor.MyLoggerAdvisor            : AI Response: {
  "title": "小明的旅行报告",
  "suggestions": [
    "请确认出发城市（以便规划交通方式和费用）",
    "请确认出行人数（1人？含同行者？影响住宿与餐饮预算分配）"
  ]
}
2026-06-24T21:32:27.747+08:00  INFO 25564 --- [ai-travel-planner] [           main] com.yupi.aitravelplanner.app.TravelApp   : travelReport: TravelReport[title=小明的旅行报告, suggestions=[请确认出发城市（以便规划交通方式和费用）, 请确认出行人数（1人？含同行者？影响住宿与餐饮预算分配）]]
报告标题: 小明的旅行报告
建议列表: [请确认出发城市（以便规划交通方式和费用）, 请确认出行人数（1人？含同行者？影响住宿与餐饮预算分配）]
[INFO] Tests run: 2, Failures: 0, Errors: 0, Skipped: 0, Time elapsed: 17.06 s -- in com.yupi.aitravelplanner.TravelAppTest
[INFO] 
[INFO] Results:
[INFO] 
[INFO] Tests run: 35, Failures: 0, Errors: 0, Skipped: 0
[INFO] 
[INFO] ------------------------------------------------------------------------
[INFO] BUILD SUCCESS
[INFO] ------------------------------------------------------------------------
[INFO] Total time:  49.801 s
[INFO] Finished at: 2026-06-24T21:32:28+08:00
[INFO] ------------------------------------------------------------------------
